// Jest Snapshot v1, https://goo.gl/fbAQLP

exports[`Photo Search Bar should render search bar correctly 1`] = `
<div
  className="header--search-bar"
>
  <input
    onChange={[Function]}
    onKeyPress={[Function]}
    placeholder="Search in title, description and tags..."
    type="text"
  />
  <button
    disabled={true}
    onClick={[Function]}
  />
</div>
`;
